******************************************************************************
                  TI ARM Linker PC v20.2.7                     
******************************************************************************
>> Linked Fri Aug 22 20:58:36 2025

OUTPUT FILE NAME:   <minimal terminal.out>
ENTRY POINT SYMBOL: "_c_int00_noargs"  address: 00000a49


MEMORY CONFIGURATION

         name            origin    length      used     unused   attr    fill
----------------------  --------  ---------  --------  --------  ----  --------
  FLASH                 00000000   00040000  00000bd1  0003f42f  R  X
  SRAM                  20000000   00008000  00000204  00007dfc  RW X


SEGMENT ALLOCATION MAP

run origin  load origin   length   init length attrs members
----------  ----------- ---------- ----------- ----- -------
00000000    00000000    00000bd8   00000bd8    r-x
  00000000    00000000    0000026c   0000026c    r-- .intvecs
  0000026c    0000026c    0000084c   0000084c    r-x .text
  00000ab8    00000ab8    00000101   00000101    r-- .const
  00000bc0    00000bc0    00000018   00000018    r-- .cinit
20000000    20000000    00000204   00000000    rw-
  20000000    20000000    00000200   00000000    rw- .stack
  20000200    20000200    00000004   00000000    rw- .data


SECTION ALLOCATION MAP

 output                                  attributes/
section   page    origin      length       input sections
--------  ----  ----------  ----------   ----------------
.intvecs   0    00000000    0000026c     
                  00000000    0000026c     tm4c123gh6pm_startup_ccs.obj (.intvecs)

.text      0    0000026c    0000084c     
                  0000026c    0000042e     main.obj (.text)
                  0000069a    00000002     --HOLE-- [fill = 0]
                  0000069c    00000154     uart0.obj (.text)
                  000007f0    00000110     rtsv7M4_T_le_v4SPD16_eabi.lib : strtoul.c.obj (.text:strtoul)
                  00000900    0000009c                                   : memcpy_t2.asm.obj (.text)
                  0000099c    00000068                                   : copy_decompress_lzss.c.obj (.text:decompress:lzss:__TI_decompress_lzss)
                  00000a04    00000044                                   : autoinit.c.obj (.text:__TI_auto_init_nobinit_nopinit:__TI_auto_init_nobinit_nopinit)
                  00000a48    00000034                                   : boot_cortex_m.c.obj (.text:_c_int00_noargs:_c_int00_noargs)
                  00000a7c    00000010     clock.obj (.text)
                  00000a8c    0000000e     rtsv7M4_T_le_v4SPD16_eabi.lib : copy_decompress_none.c.obj (.text:decompress:none:__TI_decompress_none)
                  00000a9a    0000000c     tm4c123gh6pm_startup_ccs.obj (.text)
                  00000aa6    00000002     --HOLE-- [fill = 0]
                  00000aa8    00000008     rtsv7M4_T_le_v4SPD16_eabi.lib : errno.c.obj (.text:__aeabi_errno_addr)
                  00000ab0    00000004                                   : pre_init.c.obj (.text:_system_pre_init)
                  00000ab4    00000004                                   : exit.c.obj (.text:abort:abort)

.const     0    00000ab8    00000101     
                  00000ab8    00000101     rtsv7M4_T_le_v4SPD16_eabi.lib : ctype.c.obj (.const:.string:_ctypes_)

.cinit     0    00000bc0    00000018     
                  00000bc0    00000008     (__TI_handler_table)
                  00000bc8    00000007     (.cinit..data.load) [load image, compression = lzss]
                  00000bcf    00000001     --HOLE-- [fill = 0]
                  00000bd0    00000008     (__TI_cinit_table)

.init_array 
*          0    00000000    00000000     UNINITIALIZED

.data      0    20000200    00000004     UNINITIALIZED
                  20000200    00000004     rtsv7M4_T_le_v4SPD16_eabi.lib : errno.c.obj (.data)

.stack     0    20000000    00000200     UNINITIALIZED
                  20000000    00000004     rtsv7M4_T_le_v4SPD16_eabi.lib : boot_cortex_m.c.obj (.stack)
                  20000004    000001fc     --HOLE--

__llvm_prf_cnts 
*          0    20000000    00000000     UNINITIALIZED

MODULE SUMMARY

       Module                         code   ro data   rw data
       ------                         ----   -------   -------
    .\
       tm4c123gh6pm_startup_ccs.obj   12     620       0      
    +--+------------------------------+------+---------+---------+
       Total:                         12     620       0      
                                                              
    .\src\
       main.obj                       1070   0         0      
       uart0.obj                      340    0         0      
       clock.obj                      16     0         0      
    +--+------------------------------+------+---------+---------+
       Total:                         1426   0         0      
                                                              
    C:\ti\ccs1281\ccs\tools\compiler\ti-cgt-arm_20.2.7.LTS\lib\rtsv7M4_T_le_v4SPD16_eabi.lib
       strtoul.c.obj                  272    0         0      
       ctype.c.obj                    0      257       0      
       memcpy_t2.asm.obj              156    0         0      
       copy_decompress_lzss.c.obj     104    0         0      
       autoinit.c.obj                 68     0         0      
       boot_cortex_m.c.obj            52     0         0      
       copy_decompress_none.c.obj     14     0         0      
       errno.c.obj                    8      0         4      
       exit.c.obj                     4      0         0      
       pre_init.c.obj                 4      0         0      
    +--+------------------------------+------+---------+---------+
       Total:                         682    257       4      
                                                              
       Stack:                         0      0         512    
       Linker Generated:              0      23        0      
    +--+------------------------------+------+---------+---------+
       Grand Total:                   2120   900       516    


LINKER GENERATED COPY TABLES

__TI_cinit_table @ 00000bd0 records: 1, size/record: 8, table size: 8
	.data: load addr=00000bc8, load size=00000007 bytes, run addr=20000200, run size=00000004 bytes, compression=lzss


LINKER GENERATED HANDLER TABLE

__TI_handler_table @ 00000bc0 records: 2, size/record: 4, table size: 8
	index: 0, handler: __TI_decompress_lzss
	index: 1, handler: __TI_decompress_none


GLOBAL SYMBOLS: SORTED ALPHABETICALLY BY Name 

address   name                          
-------   ----                          
00000ab5  C$$EXIT                       
00000a9b  ResetISR                      
20000200  __STACK_END                   
00000200  __STACK_SIZE                  
20000200  __STACK_TOP                   
00000bd0  __TI_CINIT_Base               
00000bd8  __TI_CINIT_Limit              
00000bc0  __TI_Handler_Table_Base       
00000bc8  __TI_Handler_Table_Limit      
00000a05  __TI_auto_init_nobinit_nopinit
0000099d  __TI_decompress_lzss          
00000a8d  __TI_decompress_none          
ffffffff  __TI_pprof_out_hndl           
ffffffff  __TI_prof_data_size           
ffffffff  __TI_prof_data_start          
00000000  __TI_static_base__            
00000aa9  __aeabi_errno_addr            
00000901  __aeabi_memcpy                
00000901  __aeabi_memcpy4               
00000901  __aeabi_memcpy8               
ffffffff  __binit__                     
ffffffff  __c_args__                    
UNDEFED   __mpu_init                    
20000000  __stack                       
20000000  __start___llvm_prf_cnts       
20000000  __stop___llvm_prf_cnts        
00000a49  _c_int00_noargs               
00000ab8  _ctypes_                      
UNDEFED   _system_post_cinit            
00000ab1  _system_pre_init              
00000ab5  abort                         
ffffffff  binit                         
20000200  errno                         
00000000  g_pfnVectors                  
000005c1  getFieldInteger               
00000533  getFieldString                
00000793  getcUart0                     
00000327  getsUart0                     
0000026d  initHw                        
00000a7d  initSystemClockTo40Mhz        
0000069d  initUart0                     
0000062d  isCommand                     
000007a7  kbhitUart0                    
00000275  main                          
00000901  memcpy                        
000003b5  parseFields                   
0000074b  putcUart0                     
00000767  putsUart0                     
00000707  setUart0BaudRate              
000007f1  strtoul                       


GLOBAL SYMBOLS: SORTED BY Symbol Address 

address   name                          
-------   ----                          
00000000  __TI_static_base__            
00000000  g_pfnVectors                  
00000200  __STACK_SIZE                  
0000026d  initHw                        
00000275  main                          
00000327  getsUart0                     
000003b5  parseFields                   
00000533  getFieldString                
000005c1  getFieldInteger               
0000062d  isCommand                     
0000069d  initUart0                     
00000707  setUart0BaudRate              
0000074b  putcUart0                     
00000767  putsUart0                     
00000793  getcUart0                     
000007a7  kbhitUart0                    
000007f1  strtoul                       
00000901  __aeabi_memcpy                
00000901  __aeabi_memcpy4               
00000901  __aeabi_memcpy8               
00000901  memcpy                        
0000099d  __TI_decompress_lzss          
00000a05  __TI_auto_init_nobinit_nopinit
00000a49  _c_int00_noargs               
00000a7d  initSystemClockTo40Mhz        
00000a8d  __TI_decompress_none          
00000a9b  ResetISR                      
00000aa9  __aeabi_errno_addr            
00000ab1  _system_pre_init              
00000ab5  C$$EXIT                       
00000ab5  abort                         
00000ab8  _ctypes_                      
00000bc0  __TI_Handler_Table_Base       
00000bc8  __TI_Handler_Table_Limit      
00000bd0  __TI_CINIT_Base               
00000bd8  __TI_CINIT_Limit              
20000000  __stack                       
20000000  __start___llvm_prf_cnts       
20000000  __stop___llvm_prf_cnts        
20000200  __STACK_END                   
20000200  __STACK_TOP                   
20000200  errno                         
ffffffff  __TI_pprof_out_hndl           
ffffffff  __TI_prof_data_size           
ffffffff  __TI_prof_data_start          
ffffffff  __binit__                     
ffffffff  __c_args__                    
ffffffff  binit                         
UNDEFED   __mpu_init                    
UNDEFED   _system_post_cinit            

[50 symbols]
