******************************************************************************
                  TI ARM Linker PC v20.2.7                     
******************************************************************************
>> Linked Sat Sep 21 20:23:14 2024

OUTPUT FILE NAME:   <serialfiddle.out>
ENTRY POINT SYMBOL: "_c_int00_noargs"  address: 00000735


MEMORY CONFIGURATION

         name            origin    length      used     unused   attr    fill
----------------------  --------  ---------  --------  --------  ----  --------
  FLASH                 00000000   00040000  000007fc  0003f804  R  X
  SRAM                  20000000   00008000  00000229  00007dd7  RW X


SEGMENT ALLOCATION MAP

run origin  load origin   length   init length attrs members
----------  ----------- ---------- ----------- ----- -------
00000000    00000000    00000800   00000800    r-x
  00000000    00000000    0000026c   0000026c    r-- .intvecs
  0000026c    0000026c    0000055a   0000055a    r-x .text
  000007c8    000007c8    00000006   00000006    r-- .const
  000007d0    000007d0    00000030   00000030    r-- .cinit
20000000    20000000    00000229   00000000    rw-
  20000000    20000000    00000200   00000000    rw- .stack
  20000200    20000200    00000020   00000000    rw- .bss
  20000220    20000220    00000009   00000000    rw- .data


SECTION ALLOCATION MAP

 output                                  attributes/
section   page    origin      length       input sections
--------  ----  ----------  ----------   ----------------
.intvecs   0    00000000    0000026c     
                  00000000    0000026c     tm4c123gh6pm_startup_ccs.obj (.intvecs)

.text      0    0000026c    0000055a     
                  0000026c    0000022c     main.obj (.text)
                  00000498    00000154     uart0.obj (.text)
                  000005ec    0000009c     rtsv7M4_T_le_v4SPD16_eabi.lib : memcpy_t2.asm.obj (.text)
                  00000688    00000068                                   : copy_decompress_lzss.c.obj (.text:decompress:lzss:__TI_decompress_lzss)
                  000006f0    00000044                                   : autoinit.c.obj (.text:__TI_auto_init_nobinit_nopinit:__TI_auto_init_nobinit_nopinit)
                  00000734    00000034                                   : boot_cortex_m.c.obj (.text:_c_int00_noargs:_c_int00_noargs)
                  00000768    0000001c                                   : copy_zero_init.c.obj (.text:decompress:ZI:__TI_zero_init_nomemset:__TI_zero_init_nomemset)
                  00000784    00000010     clock.obj (.text)
                  00000794    00000010     handler_root.obj (.text)
                  000007a4    0000000e     rtsv7M4_T_le_v4SPD16_eabi.lib : copy_decompress_none.c.obj (.text:decompress:none:__TI_decompress_none)
                  000007b2    0000000c     tm4c123gh6pm_startup_ccs.obj (.text)
                  000007be    00000004     rtsv7M4_T_le_v4SPD16_eabi.lib : pre_init.c.obj (.text:_system_pre_init)
                  000007c2    00000004                                   : exit.c.obj (.text:abort:abort)

.const     0    000007c8    00000006     
                  000007c8    00000006     handler_root.obj (.const:.string)

.cinit     0    000007d0    00000030     
                  000007d0    0000000c     (.cinit..data.load) [load image, compression = lzss]
                  000007dc    0000000c     (__TI_handler_table)
                  000007e8    00000008     (.cinit..bss.load) [load image, compression = zero_init]
                  000007f0    00000010     (__TI_cinit_table)

.init_array 
*          0    00000000    00000000     UNINITIALIZED

.bss       0    20000200    00000020     UNINITIALIZED
                  20000200    0000001c     (.common:handlers)
                  2000021c    00000004     (.common:curr_handler)

.data      0    20000220    00000009     UNINITIALIZED
                  20000220    00000008     handler_root.obj (.data:handler_root)
                  20000228    00000001     main.obj (.data)

.stack     0    20000000    00000200     UNINITIALIZED
                  20000000    00000004     rtsv7M4_T_le_v4SPD16_eabi.lib : boot_cortex_m.c.obj (.stack)
                  20000004    000001fc     --HOLE--

__llvm_prf_cnts 
*          0    20000000    00000000     UNINITIALIZED

MODULE SUMMARY

       Module                         code   ro data   rw data
       ------                         ----   -------   -------
    .\
       tm4c123gh6pm_startup_ccs.obj   12     620       0      
    +--+------------------------------+------+---------+---------+
       Total:                         12     620       0      
                                                              
    .\src\
       main.obj                       556    0         33     
    +--+------------------------------+------+---------+---------+
       Total:                         556    0         33     
                                                              
    .\src\losh\
       uart0.obj                      340    0         0      
       clock.obj                      16     0         0      
    +--+------------------------------+------+---------+---------+
       Total:                         356    0         0      
                                                              
    .\src\terminalcmds\
       handler_root.obj               16     6         8      
    +--+------------------------------+------+---------+---------+
       Total:                         16     6         8      
                                                              
    C:\ti\ccs1280\ccs\tools\compiler\ti-cgt-arm_20.2.7.LTS\lib\rtsv7M4_T_le_v4SPD16_eabi.lib
       memcpy_t2.asm.obj              156    0         0      
       copy_decompress_lzss.c.obj     104    0         0      
       autoinit.c.obj                 68     0         0      
       boot_cortex_m.c.obj            52     0         0      
       copy_zero_init.c.obj           28     0         0      
       copy_decompress_none.c.obj     14     0         0      
       exit.c.obj                     4      0         0      
       pre_init.c.obj                 4      0         0      
    +--+------------------------------+------+---------+---------+
       Total:                         430    0         0      
                                                              
       Stack:                         0      0         512    
       Linker Generated:              0      48        0      
    +--+------------------------------+------+---------+---------+
       Grand Total:                   1370   674       553    


LINKER GENERATED COPY TABLES

__TI_cinit_table @ 000007f0 records: 2, size/record: 8, table size: 16
	.data: load addr=000007d0, load size=0000000c bytes, run addr=20000220, run size=00000009 bytes, compression=lzss
	.bss: load addr=000007e8, load size=00000008 bytes, run addr=20000200, run size=00000020 bytes, compression=zero_init


LINKER GENERATED HANDLER TABLE

__TI_handler_table @ 000007dc records: 3, size/record: 4, table size: 12
	index: 0, handler: __TI_decompress_lzss
	index: 1, handler: __TI_decompress_none
	index: 2, handler: __TI_zero_init


GLOBAL SYMBOLS: SORTED ALPHABETICALLY BY Name 

address   name                          
-------   ----                          
000007c3  C$$EXIT                       
000007b3  ResetISR                      
20000200  __STACK_END                   
00000200  __STACK_SIZE                  
20000200  __STACK_TOP                   
000007f0  __TI_CINIT_Base               
00000800  __TI_CINIT_Limit              
000007dc  __TI_Handler_Table_Base       
000007e8  __TI_Handler_Table_Limit      
000006f1  __TI_auto_init_nobinit_nopinit
00000689  __TI_decompress_lzss          
000007a5  __TI_decompress_none          
ffffffff  __TI_pprof_out_hndl           
ffffffff  __TI_prof_data_size           
ffffffff  __TI_prof_data_start          
00000000  __TI_static_base__            
00000769  __TI_zero_init_nomemset       
000005ed  __aeabi_memcpy                
000005ed  __aeabi_memcpy4               
000005ed  __aeabi_memcpy8               
ffffffff  __binit__                     
ffffffff  __c_args__                    
UNDEFED   __mpu_init                    
20000000  __stack                       
20000000  __start___llvm_prf_cnts       
20000000  __stop___llvm_prf_cnts        
00000735  _c_int00_noargs               
00000795  _handler_root                 
UNDEFED   _system_post_cinit            
000007bf  _system_pre_init              
000007c3  abort                         
ffffffff  binit                         
2000021c  curr_handler                  
00000000  g_pfnVectors                  
0000058f  getcUart0                     
20000228  handler_count                 
20000220  handler_root                  
20000200  handlers                      
00000785  initSystemClockTo40Mhz        
00000499  initUart0                     
000005a3  kbhitUart0                    
0000026d  main                          
000005ed  memcpy                        
00000423  popHandler                    
000003a5  pushHandler                   
00000547  putcUart0                     
00000563  putsUart0                     
00000503  setUart0BaudRate              


GLOBAL SYMBOLS: SORTED BY Symbol Address 

address   name                          
-------   ----                          
00000000  __TI_static_base__            
00000000  g_pfnVectors                  
00000200  __STACK_SIZE                  
0000026d  main                          
000003a5  pushHandler                   
00000423  popHandler                    
00000499  initUart0                     
00000503  setUart0BaudRate              
00000547  putcUart0                     
00000563  putsUart0                     
0000058f  getcUart0                     
000005a3  kbhitUart0                    
000005ed  __aeabi_memcpy                
000005ed  __aeabi_memcpy4               
000005ed  __aeabi_memcpy8               
000005ed  memcpy                        
00000689  __TI_decompress_lzss          
000006f1  __TI_auto_init_nobinit_nopinit
00000735  _c_int00_noargs               
00000769  __TI_zero_init_nomemset       
00000785  initSystemClockTo40Mhz        
00000795  _handler_root                 
000007a5  __TI_decompress_none          
000007b3  ResetISR                      
000007bf  _system_pre_init              
000007c3  C$$EXIT                       
000007c3  abort                         
000007dc  __TI_Handler_Table_Base       
000007e8  __TI_Handler_Table_Limit      
000007f0  __TI_CINIT_Base               
00000800  __TI_CINIT_Limit              
20000000  __stack                       
20000000  __start___llvm_prf_cnts       
20000000  __stop___llvm_prf_cnts        
20000200  __STACK_END                   
20000200  __STACK_TOP                   
20000200  handlers                      
2000021c  curr_handler                  
20000220  handler_root                  
20000228  handler_count                 
ffffffff  __TI_pprof_out_hndl           
ffffffff  __TI_prof_data_size           
ffffffff  __TI_prof_data_start          
ffffffff  __binit__                     
ffffffff  __c_args__                    
ffffffff  binit                         
UNDEFED   __mpu_init                    
UNDEFED   _system_post_cinit            

[48 symbols]
