******************************************************************************
                  TI ARM Linker PC v20.2.7                     
******************************************************************************
>> Linked Fri Oct 25 10:18:26 2024

OUTPUT FILE NAME:   <serialfiddle.out>
ENTRY POINT SYMBOL: "_c_int00_noargs"  address: 00000d39


MEMORY CONFIGURATION

         name            origin    length      used     unused   attr    fill
----------------------  --------  ---------  --------  --------  ----  --------
  FLASH                 00000000   00040000  00000f5a  0003f0a6  R  X
  SRAM                  20000000   00008000  00000249  00007db7  RW X


SEGMENT ALLOCATION MAP

run origin  load origin   length   init length attrs members
----------  ----------- ---------- ----------- ----- -------
00000000    00000000    00000f60   00000f60    r-x
  00000000    00000000    0000026c   0000026c    r-- .intvecs
  0000026c    0000026c    00000b58   00000b58    r-x .text
  00000dc4    00000dc4    00000146   00000146    r-- .const
  00000f10    00000f10    00000050   00000050    r-- .cinit
20000000    20000000    00000249   00000000    rw-
  20000000    20000000    00000200   00000000    rw- .stack
  20000200    20000200    00000034   00000000    rw- .data
  20000234    20000234    00000015   00000000    rw- .bss


SECTION ALLOCATION MAP

 output                                  attributes/
section   page    origin      length       input sections
--------  ----  ----------  ----------   ----------------
.intvecs   0    00000000    0000026c     
                  00000000    0000026c     tm4c123gh6pm_startup_ccs.obj (.intvecs)

.text      0    0000026c    00000b58     
                  0000026c    000004b0     cmdhandler.obj (.text)
                  0000071c    000001d4     main.obj (.text)
                  000008f0    00000154     uart0.obj (.text)
                  00000a44    00000110     rtsv7M4_T_le_v4SPD16_eabi.lib : strtoul.c.obj (.text:strtoul)
                  00000b54    0000009c                                   : memcpy_t2.asm.obj (.text)
                  00000bf0    00000068                                   : copy_decompress_lzss.c.obj (.text:decompress:lzss:__TI_decompress_lzss)
                  00000c58    0000005c     handler_help.obj (.text)
                  00000cb4    00000044     rtsv7M4_T_le_v4SPD16_eabi.lib : autoinit.c.obj (.text:__TI_auto_init_nobinit_nopinit:__TI_auto_init_nobinit_nopinit)
                  00000cf8    00000040     handler_root.obj (.text)
                  00000d38    00000034     rtsv7M4_T_le_v4SPD16_eabi.lib : boot_cortex_m.c.obj (.text:_c_int00_noargs:_c_int00_noargs)
                  00000d6c    0000001c                                   : copy_zero_init.c.obj (.text:decompress:ZI:__TI_zero_init_nomemset:__TI_zero_init_nomemset)
                  00000d88    00000010     clock.obj (.text)
                  00000d98    0000000e     rtsv7M4_T_le_v4SPD16_eabi.lib : copy_decompress_none.c.obj (.text:decompress:none:__TI_decompress_none)
                  00000da6    0000000c     tm4c123gh6pm_startup_ccs.obj (.text)
                  00000db2    00000002     --HOLE-- [fill = 0]
                  00000db4    00000008     rtsv7M4_T_le_v4SPD16_eabi.lib : errno.c.obj (.text:__aeabi_errno_addr)
                  00000dbc    00000004                                   : pre_init.c.obj (.text:_system_pre_init)
                  00000dc0    00000004                                   : exit.c.obj (.text:abort:abort)

.const     0    00000dc4    00000146     
                  00000dc4    00000101     rtsv7M4_T_le_v4SPD16_eabi.lib : ctype.c.obj (.const:.string:_ctypes_)
                  00000ec5    00000003     --HOLE-- [fill = 0]
                  00000ec8    00000038     handler_help.obj (.const:.string)
                  00000f00    0000000a     handler_root.obj (.const:.string)

.cinit     0    00000f10    00000050     
                  00000f10    0000002c     (.cinit..data.load) [load image, compression = lzss]
                  00000f3c    0000000c     (__TI_handler_table)
                  00000f48    00000008     (.cinit..bss.load) [load image, compression = zero_init]
                  00000f50    00000010     (__TI_cinit_table)

.init_array 
*          0    00000000    00000000     UNINITIALIZED

.data      0    20000200    00000034     UNINITIALIZED
                  20000200    00000014     handler_help.obj (.data:h_help)
                  20000214    00000014     handler_root.obj (.data:h_root)
                  20000228    00000008     handler_root.obj (.data:leafs)
                  20000230    00000004     rtsv7M4_T_le_v4SPD16_eabi.lib : errno.c.obj (.data)

.bss       0    20000234    00000015     UNINITIALIZED
                  20000234    00000014     (.common:handlers)
                  20000248    00000001     (.common:handler_count)

.stack     0    20000000    00000200     UNINITIALIZED
                  20000000    00000004     rtsv7M4_T_le_v4SPD16_eabi.lib : boot_cortex_m.c.obj (.stack)
                  20000004    000001fc     --HOLE--

__llvm_prf_cnts 
*          0    20000000    00000000     UNINITIALIZED

MODULE SUMMARY

       Module                         code   ro data   rw data
       ------                         ----   -------   -------
    .\
       tm4c123gh6pm_startup_ccs.obj   12     620       0      
    +--+------------------------------+------+---------+---------+
       Total:                         12     620       0      
                                                              
    .\src\
       main.obj                       468    0         21     
    +--+------------------------------+------+---------+---------+
       Total:                         468    0         21     
                                                              
    .\src\losh\
       uart0.obj                      340    0         0      
       clock.obj                      16     0         0      
    +--+------------------------------+------+---------+---------+
       Total:                         356    0         0      
                                                              
    .\src\terminalcmds\
       cmdhandler.obj                 1200   0         0      
       handler_help.obj               92     56        20     
       handler_root.obj               64     10        28     
    +--+------------------------------+------+---------+---------+
       Total:                         1356   66        48     
                                                              
    C:\ti\ccs1280\ccs\tools\compiler\ti-cgt-arm_20.2.7.LTS\lib\rtsv7M4_T_le_v4SPD16_eabi.lib
       strtoul.c.obj                  272    0         0      
       ctype.c.obj                    0      257       0      
       memcpy_t2.asm.obj              156    0         0      
       copy_decompress_lzss.c.obj     104    0         0      
       autoinit.c.obj                 68     0         0      
       boot_cortex_m.c.obj            52     0         0      
       copy_zero_init.c.obj           28     0         0      
       copy_decompress_none.c.obj     14     0         0      
       errno.c.obj                    8      0         4      
       exit.c.obj                     4      0         0      
       pre_init.c.obj                 4      0         0      
    +--+------------------------------+------+---------+---------+
       Total:                         710    257       4      
                                                              
       Stack:                         0      0         512    
       Linker Generated:              0      80        0      
    +--+------------------------------+------+---------+---------+
       Grand Total:                   2902   1023      585    


LINKER GENERATED COPY TABLES

__TI_cinit_table @ 00000f50 records: 2, size/record: 8, table size: 16
	.data: load addr=00000f10, load size=0000002c bytes, run addr=20000200, run size=00000034 bytes, compression=lzss
	.bss: load addr=00000f48, load size=00000008 bytes, run addr=20000234, run size=00000015 bytes, compression=zero_init


LINKER GENERATED HANDLER TABLE

__TI_handler_table @ 00000f3c records: 3, size/record: 4, table size: 12
	index: 0, handler: __TI_decompress_lzss
	index: 1, handler: __TI_decompress_none
	index: 2, handler: __TI_zero_init


GLOBAL SYMBOLS: SORTED ALPHABETICALLY BY Name 

address   name                          
-------   ----                          
00000dc1  C$$EXIT                       
00000da7  ResetISR                      
20000200  __STACK_END                   
00000200  __STACK_SIZE                  
20000200  __STACK_TOP                   
00000f50  __TI_CINIT_Base               
00000f60  __TI_CINIT_Limit              
00000f3c  __TI_Handler_Table_Base       
00000f48  __TI_Handler_Table_Limit      
00000cb5  __TI_auto_init_nobinit_nopinit
00000bf1  __TI_decompress_lzss          
00000d99  __TI_decompress_none          
ffffffff  __TI_pprof_out_hndl           
ffffffff  __TI_prof_data_size           
ffffffff  __TI_prof_data_start          
00000000  __TI_static_base__            
00000d6d  __TI_zero_init_nomemset       
00000db5  __aeabi_errno_addr            
00000b55  __aeabi_memcpy                
00000b55  __aeabi_memcpy4               
00000b55  __aeabi_memcpy8               
ffffffff  __binit__                     
ffffffff  __c_args__                    
UNDEFED   __mpu_init                    
20000000  __stack                       
20000000  __start___llvm_prf_cnts       
20000000  __stop___llvm_prf_cnts        
00000d39  _c_int00_noargs               
00000dc4  _ctypes_                      
UNDEFED   _system_post_cinit            
00000dbd  _system_pre_init              
00000dc1  abort                         
ffffffff  binit                         
0000060f  cmdMatchStrength              
20000230  errno                         
0000043d  findHandler                   
000003f9  findHandler_e                 
00000000  g_pfnVectors                  
000003bb  getFieldInt                   
0000038b  getFieldString                
000009e7  getcUart0                     
20000200  h_help                        
20000214  h_root                        
20000248  handler_count                 
20000234  handlers                      
00000d89  initSystemClockTo40Mhz        
000008f1  initUart0                     
00000531  is_alpha                      
00000561  is_numeric                    
000009fb  kbhitUart0                    
0000071d  main                          
00000b55  memcpy                        
0000026d  parseUserDataFields           
000006d1  popHandler                    
00000659  pushHandler                   
0000099f  putcUart0                     
000009bb  putsUart0                     
0000095b  setUart0BaudRate              
00000581  sizeofWord                    
000005c7  str_cmp                       
00000a45  strtoul                       


GLOBAL SYMBOLS: SORTED BY Symbol Address 

address   name                          
-------   ----                          
00000000  __TI_static_base__            
00000000  g_pfnVectors                  
00000200  __STACK_SIZE                  
0000026d  parseUserDataFields           
0000038b  getFieldString                
000003bb  getFieldInt                   
000003f9  findHandler_e                 
0000043d  findHandler                   
00000531  is_alpha                      
00000561  is_numeric                    
00000581  sizeofWord                    
000005c7  str_cmp                       
0000060f  cmdMatchStrength              
00000659  pushHandler                   
000006d1  popHandler                    
0000071d  main                          
000008f1  initUart0                     
0000095b  setUart0BaudRate              
0000099f  putcUart0                     
000009bb  putsUart0                     
000009e7  getcUart0                     
000009fb  kbhitUart0                    
00000a45  strtoul                       
00000b55  __aeabi_memcpy                
00000b55  __aeabi_memcpy4               
00000b55  __aeabi_memcpy8               
00000b55  memcpy                        
00000bf1  __TI_decompress_lzss          
00000cb5  __TI_auto_init_nobinit_nopinit
00000d39  _c_int00_noargs               
00000d6d  __TI_zero_init_nomemset       
00000d89  initSystemClockTo40Mhz        
00000d99  __TI_decompress_none          
00000da7  ResetISR                      
00000db5  __aeabi_errno_addr            
00000dbd  _system_pre_init              
00000dc1  C$$EXIT                       
00000dc1  abort                         
00000dc4  _ctypes_                      
00000f3c  __TI_Handler_Table_Base       
00000f48  __TI_Handler_Table_Limit      
00000f50  __TI_CINIT_Base               
00000f60  __TI_CINIT_Limit              
20000000  __stack                       
20000000  __start___llvm_prf_cnts       
20000000  __stop___llvm_prf_cnts        
20000200  __STACK_END                   
20000200  __STACK_TOP                   
20000200  h_help                        
20000214  h_root                        
20000230  errno                         
20000234  handlers                      
20000248  handler_count                 
ffffffff  __TI_pprof_out_hndl           
ffffffff  __TI_prof_data_size           
ffffffff  __TI_prof_data_start          
ffffffff  __binit__                     
ffffffff  __c_args__                    
ffffffff  binit                         
UNDEFED   __mpu_init                    
UNDEFED   _system_post_cinit            

[61 symbols]
