------------------------------------------------------------
Timing Analyzer Summary
------------------------------------------------------------

Type  : Slow 1200mV 85C Model Setup 'CLOCK'
Slack : -2.751
TNS   : -19.135

Type  : Slow 1200mV 85C Model Hold 'CLOCK'
Slack : 1.156
TNS   : 0.000

Type  : Slow 1200mV 85C Model Recovery 'CLOCK'
Slack : -0.035
TNS   : -0.275

Type  : Slow 1200mV 85C Model Removal 'CLOCK'
Slack : -0.066
TNS   : -0.528

Type  : Slow 1200mV 85C Model Minimum Pulse Width 'CLOCK'
Slack : -3.000
TNS   : -14.224

Type  : Slow 1200mV 85C Model Minimum Pulse Width 'RESET'
Slack : -3.000
TNS   : -3.000

Type  : Slow 1200mV 0C Model Setup 'CLOCK'
Slack : -2.494
TNS   : -17.318

Type  : Slow 1200mV 0C Model Hold 'CLOCK'
Slack : 1.055
TNS   : 0.000

Type  : Slow 1200mV 0C Model Recovery 'CLOCK'
Slack : 0.023
TNS   : 0.000

Type  : Slow 1200mV 0C Model Removal 'CLOCK'
Slack : -0.059
TNS   : -0.472

Type  : Slow 1200mV 0C Model Minimum Pulse Width 'CLOCK'
Slack : -3.000
TNS   : -14.224

Type  : Slow 1200mV 0C Model Minimum Pulse Width 'RESET'
Slack : -3.000
TNS   : -3.000

Type  : Fast 1200mV 0C Model Setup 'CLOCK'
Slack : -1.265
TNS   : -8.807

Type  : Fast 1200mV 0C Model Hold 'CLOCK'
Slack : 0.344
TNS   : 0.000

Type  : Fast 1200mV 0C Model Recovery 'CLOCK'
Slack : -0.053
TNS   : -0.424

Type  : Fast 1200mV 0C Model Removal 'CLOCK'
Slack : -0.058
TNS   : -0.459

Type  : Fast 1200mV 0C Model Minimum Pulse Width 'CLOCK'
Slack : -3.000
TNS   : -11.184

Type  : Fast 1200mV 0C Model Minimum Pulse Width 'RESET'
Slack : -3.000
TNS   : -3.000

------------------------------------------------------------
