******************************************************************************
                  TI ARM Linker PC v20.2.7                     
******************************************************************************
>> Linked Thu Sep 19 19:59:04 2024

OUTPUT FILE NAME:   <lab3.out>
ENTRY POINT SYMBOL: "_c_int00_noinit_noargs"  address: 00000091


MEMORY CONFIGURATION

         name            origin    length      used     unused   attr    fill
----------------------  --------  ---------  --------  --------  ----  --------
  RAM                   00000020   ffffffe0  000002d0  fffffd10  RWIX


SEGMENT ALLOCATION MAP

run origin  load origin   length   init length attrs members
----------  ----------- ---------- ----------- ----- -------
00000020    00000020    000000d0   000000d0    r-x
  00000020    00000020    000000d0   000000d0    r-x .text
000000f0    000000f0    00000200   00000000    rw-
  000000f0    000000f0    00000200   00000000    rw- .stack


SECTION ALLOCATION MAP

 output                                  attributes/
section   page    origin      length       input sections
--------  ----  ----------  ----------   ----------------
.text      0    00000020    000000d0     
                  00000020    00000070     lab3a_GeorgeBoone.obj (.text)
                  00000090    0000002c     rtsv7M4_T_le_v4SPD16_eabi.lib : boot_cortex_m.c.obj (.text:_c_int00_noinit_noargs:_c_int00_noinit_noargs)
                  000000bc    0000001a     lab3a_GeorgeBoone_s.obj (.text)
                  000000d6    00000002     --HOLE-- [fill = 0]
                  000000d8    00000010     clock.obj (.text)
                  000000e8    00000004     rtsv7M4_T_le_v4SPD16_eabi.lib : pre_init.c.obj (.text:_system_pre_init)
                  000000ec    00000004                                   : exit.c.obj (.text:abort:abort)

.init_array 
*          0    00000020    00000000     UNINITIALIZED

__llvm_prf_cnts 
*          0    00000020    00000000     UNINITIALIZED

.stack     0    000000f0    00000200     UNINITIALIZED
                  000000f0    00000004     rtsv7M4_T_le_v4SPD16_eabi.lib : boot_cortex_m.c.obj (.stack)
                  000000f4    000001fc     --HOLE--

MODULE SUMMARY

       Module                    code   ro data   rw data
       ------                    ----   -------   -------
    .\src\
       lab3a_GeorgeBoone.obj     112    0         0      
       lab3a_GeorgeBoone_s.obj   26     0         0      
       clock.obj                 16     0         0      
    +--+-------------------------+------+---------+---------+
       Total:                    154    0         0      
                                                         
    C:\ti\ccs1280\ccs\tools\compiler\ti-cgt-arm_20.2.7.LTS\lib\rtsv7M4_T_le_v4SPD16_eabi.lib
       boot_cortex_m.c.obj       44     0         0      
       exit.c.obj                4      0         0      
       pre_init.c.obj            4      0         0      
    +--+-------------------------+------+---------+---------+
       Total:                    52     0         0      
                                                         
       Stack:                    0      0         512    
    +--+-------------------------+------+---------+---------+
       Grand Total:              206    0         512    


GLOBAL SYMBOLS: SORTED ALPHABETICALLY BY Name 

address   name                   
-------   ----                   
000000ed  C$$EXIT                
000002f0  __STACK_END            
00000200  __STACK_SIZE           
ffffffff  __TI_pprof_out_hndl    
ffffffff  __TI_prof_data_size    
ffffffff  __TI_prof_data_start   
00000020  __TI_static_base__     
ffffffff  __binit__              
ffffffff  __c_args__             
UNDEFED   __mpu_init             
000000f0  __stack                
00000020  __start___llvm_prf_cnts
00000020  __stop___llvm_prf_cnts 
00000091  _c_int00_noinit_noargs 
000000e9  _system_pre_init       
000000ed  abort                  
ffffffff  binit                  
000000d9  initSystemClockTo40Mhz 
00000021  main                   
000000c1  wait3Seconds           


GLOBAL SYMBOLS: SORTED BY Symbol Address 

address   name                   
-------   ----                   
00000020  __TI_static_base__     
00000020  __start___llvm_prf_cnts
00000020  __stop___llvm_prf_cnts 
00000021  main                   
00000091  _c_int00_noinit_noargs 
000000c1  wait3Seconds           
000000d9  initSystemClockTo40Mhz 
000000e9  _system_pre_init       
000000ed  C$$EXIT                
000000ed  abort                  
000000f0  __stack                
00000200  __STACK_SIZE           
000002f0  __STACK_END            
ffffffff  __TI_pprof_out_hndl    
ffffffff  __TI_prof_data_size    
ffffffff  __TI_prof_data_start   
ffffffff  __binit__              
ffffffff  __c_args__             
ffffffff  binit                  
UNDEFED   __mpu_init             

[20 symbols]
